[PERFORM-INFO]2025/09/24 15:26:31.421317 replicaV2.go:586: block.BlockHeight:2    View Num:0    shard num:0 平均每个block处理的交易数:128 平均每秒交易处理量 (平均 TPS):3596  当前区块处理的交易数:128 当前每秒交易处理量 (当前 TPS):35094 累计已提交的交易总数:128
[PERFORM-INFO]2025/09/24 15:26:31.421363 replicaV2.go:587: 平均整体交易最终确定延迟:0.015 当前整体交易最终确定延迟:0.015 平均单一分片交易最终确定延迟:0.015 当前单一分片交易最终确定延迟:0.015 平均跨分片交易最终确定延迟:0.015 当前跨分片交易最终确定延迟:0.015
[PERFORM-INFO]2025/09/24 15:26:31.681856 replicaV2.go:586: block.BlockHeight:3    View Num:0    shard num:0 平均每个block处理的交易数:128 平均每秒交易处理量 (平均 TPS):854   当前区块处理的交易数:128 当前每秒交易处理量 (当前 TPS):44570 累计已提交的交易总数:256
[PERFORM-INFO]2025/09/24 15:26:31.681865 replicaV2.go:587: 平均整体交易最终确定延迟:0.061 当前整体交易最终确定延迟:0.049 平均单一分片交易最终确定延迟:0.062 当前单一分片交易最终确定延迟:0.049 平均跨分片交易最终确定延迟:0.06  当前跨分片交易最终确定延迟:0.048
[PERFORM-INFO]2025/09/24 15:26:31.961542 replicaV2.go:586: block.BlockHeight:4    View Num:0    shard num:0 平均每个block处理的交易数:128 平均每秒交易处理量 (平均 TPS):667   当前区块处理的交易数:128 当前每秒交易处理量 (当前 TPS):42739 累计已提交的交易总数:384
[PERFORM-INFO]2025/09/24 15:26:31.961551 replicaV2.go:587: 平均整体交易最终确定延迟:0.063 当前整体交易最终确定延迟:0.057 平均单一分片交易最终确定延迟:0.061 当前单一分片交易最终确定延迟:0.055 平均跨分片交易最终确定延迟:0.065 当前跨分片交易最终确定延迟:0.061
[PERFORM-INFO]2025/09/24 15:26:32.309098 replicaV2.go:586: block.BlockHeight:5    View Num:0    shard num:0 平均每个block处理的交易数:128 平均每秒交易处理量 (平均 TPS):557   当前区块处理的交易数:128 当前每秒交易处理量 (当前 TPS):45903 累计已提交的交易总数:512
[PERFORM-INFO]2025/09/24 15:26:32.309109 replicaV2.go:587: 平均整体交易最终确定延迟:0.06  当前整体交易最终确定延迟:0.027 平均单一分片交易最终确定延迟:0.06  当前单一分片交易最终确定延迟:0.028 平均跨分片交易最终确定延迟:0.059 当前跨分片交易最终确定延迟:0.027
[PERFORM-INFO]2025/09/24 15:26:32.595414 replicaV2.go:586: block.BlockHeight:6    View Num:0    shard num:0 平均每个block处理的交易数:128 平均每秒交易处理量 (平均 TPS):529   当前区块处理的交易数:128 当前每秒交易处理量 (当前 TPS):34634 累计已提交的交易总数:640
[PERFORM-INFO]2025/09/24 15:26:32.595425 replicaV2.go:587: 平均整体交易最终确定延迟:0.065 当前整体交易最终确定延迟:0.046 平均单一分片交易最终确定延迟:0.064 当前单一分片交易最终确定延迟:0.046 平均跨分片交易最终确定延迟:0.068 当前跨分片交易最终确定延迟:0.046
[PERFORM-INFO]2025/09/24 15:26:32.921140 replicaV2.go:586: block.BlockHeight:7    View Num:0    shard num:0 平均每个block处理的交易数:128 平均每秒交易处理量 (平均 TPS):499   当前区块处理的交易数:128 当前每秒交易处理量 (当前 TPS):18075 累计已提交的交易总数:768
[PERFORM-INFO]2025/09/24 15:26:32.921153 replicaV2.go:587: 平均整体交易最终确定延迟:0.126 当前整体交易最终确定延迟:0.07  平均单一分片交易最终确定延迟:0.129 当前单一分片交易最终确定延迟:0.07  平均跨分片交易最终确定延迟:0.121 当前跨分片交易最终确定延迟:0.071
[PERFORM-INFO]2025/09/24 15:26:33.266847 replicaV2.go:586: block.BlockHeight:8    View Num:0    shard num:0 平均每个block处理的交易数:128 平均每秒交易处理量 (平均 TPS):480   当前区块处理的交易数:128 当前每秒交易处理量 (当前 TPS):31521 累计已提交的交易总数:896
[PERFORM-INFO]2025/09/24 15:26:33.266892 replicaV2.go:587: 平均整体交易最终确定延迟:0.137 当前整体交易最终确定延迟:0.024 平均单一分片交易最终确定延迟:0.133 当前单一分片交易最终确定延迟:0.024 平均跨分片交易最终确定延迟:0.147 当前跨分片交易最终确定延迟:0.024
[PERFORM-INFO]2025/09/24 15:26:33.532744 replicaV2.go:586: block.BlockHeight:9    View Num:0    shard num:0 平均每个block处理的交易数:128 平均每秒交易处理量 (平均 TPS):480   当前区块处理的交易数:128 当前每秒交易处理量 (当前 TPS):49854 累计已提交的交易总数:1024
[PERFORM-INFO]2025/09/24 15:26:33.532751 replicaV2.go:587: 平均整体交易最终确定延迟:0.09  当前整体交易最终确定延迟:0.029 平均单一分片交易最终确定延迟:0.091 当前单一分片交易最终确定延迟:0.029 平均跨分片交易最终确定延迟:0.089 当前跨分片交易最终确定延迟:0.028
[PERFORM-INFO]2025/09/24 15:26:33.838960 replicaV2.go:586: block.BlockHeight:10   View Num:0    shard num:0 平均每个block处理的交易数:128 平均每秒交易处理量 (平均 TPS):472   当前区块处理的交易数:128 当前每秒交易处理量 (当前 TPS):28179 累计已提交的交易总数:1152
[PERFORM-INFO]2025/09/24 15:26:33.838967 replicaV2.go:587: 平均整体交易最终确定延迟:0.129 当前整体交易最终确定延迟:0.025 平均单一分片交易最终确定延迟:0.125 当前单一分片交易最终确定延迟:0.025 平均跨分片交易最终确定延迟:0.136 当前跨分片交易最终确定延迟:0.025
[PERFORM-INFO]2025/09/24 15:26:34.196607 replicaV2.go:586: block.BlockHeight:11   View Num:0    shard num:0 平均每个block处理的交易数:128 平均每秒交易处理量 (平均 TPS):457   当前区块处理的交易数:128 当前每秒交易处理量 (当前 TPS):24363 累计已提交的交易总数:1280
[PERFORM-INFO]2025/09/24 15:26:34.196614 replicaV2.go:587: 平均整体交易最终确定延迟:0.131 当前整体交易最终确定延迟:0.051 平均单一分片交易最终确定延迟:0.132 当前单一分片交易最终确定延迟:0.05  平均跨分片交易最终确定延迟:0.129 当前跨分片交易最终确定延迟:0.053
[PERFORM-INFO]2025/09/24 15:26:34.780666 replicaV2.go:586: block.BlockHeight:12   View Num:0    shard num:0 平均每个block处理的交易数:128 平均每秒交易处理量 (平均 TPS):416   当前区块处理的交易数:128 当前每秒交易处理量 (当前 TPS):55586 累计已提交的交易总数:1408
[PERFORM-INFO]2025/09/24 15:26:34.780673 replicaV2.go:587: 平均整体交易最终确定延迟:0.147 当前整体交易最终确定延迟:0.026 平均单一分片交易最终确定延迟:0.149 当前单一分片交易最终确定延迟:0.027 平均跨分片交易最终确定延迟:0.143 当前跨分片交易最终确定延迟:0.026
[PERFORM-INFO]2025/09/24 15:26:35.151618 replicaV2.go:586: block.BlockHeight:13   View Num:0    shard num:0 平均每个block处理的交易数:128 平均每秒交易处理量 (平均 TPS):410   当前区块处理的交易数:128 当前每秒交易处理量 (当前 TPS):34210 累计已提交的交易总数:1536
[PERFORM-INFO]2025/09/24 15:26:35.151630 replicaV2.go:587: 平均整体交易最终确定延迟:0.13  当前整体交易最终确定延迟:0.019 平均单一分片交易最终确定延迟:0.131 当前单一分片交易最终确定延迟:0.019 平均跨分片交易最终确定延迟:0.127 当前跨分片交易最终确定延迟:0.019
[PERFORM-INFO]2025/09/24 15:26:35.487756 replicaV2.go:586: block.BlockHeight:14   View Num:0    shard num:0 平均每个block处理的交易数:128 平均每秒交易处理量 (平均 TPS):407   当前区块处理的交易数:128 当前每秒交易处理量 (当前 TPS):24502 累计已提交的交易总数:1664
[PERFORM-INFO]2025/09/24 15:26:35.487763 replicaV2.go:587: 平均整体交易最终确定延迟:0.13  当前整体交易最终确定延迟:0.024 平均单一分片交易最终确定延迟:0.129 当前单一分片交易最终确定延迟:0.024 平均跨分片交易最终确定延迟:0.131 当前跨分片交易最终确定延迟:0.025
[PERFORM-INFO]2025/09/24 15:26:35.843207 replicaV2.go:586: block.BlockHeight:15   View Num:0    shard num:0 平均每个block处理的交易数:128 平均每秒交易处理量 (平均 TPS):402   当前区块处理的交易数:128 当前每秒交易处理量 (当前 TPS):29333 累计已提交的交易总数:1792
[PERFORM-INFO]2025/09/24 15:26:35.843215 replicaV2.go:587: 平均整体交易最终确定延迟:0.171 当前整体交易最终确定延迟:0.022 平均单一分片交易最终确定延迟:0.171 当前单一分片交易最终确定延迟:0.022 平均跨分片交易最终确定延迟:0.171 当前跨分片交易最终确定延迟:0.022
[PERFORM-INFO]2025/09/24 15:26:36.272416 replicaV2.go:586: block.BlockHeight:16   View Num:0    shard num:0 平均每个block处理的交易数:128 平均每秒交易处理量 (平均 TPS):393   当前区块处理的交易数:128 当前每秒交易处理量 (当前 TPS):29823 累计已提交的交易总数:1920
[PERFORM-INFO]2025/09/24 15:26:36.272422 replicaV2.go:587: 平均整体交易最终确定延迟:0.198 当前整体交易最终确定延迟:0.018 平均单一分片交易最终确定延迟:0.196 当前单一分片交易最终确定延迟:0.018 平均跨分片交易最终确定延迟:0.201 当前跨分片交易最终确定延迟:0.018
[PERFORM-INFO]2025/09/24 15:26:36.612942 replicaV2.go:586: block.BlockHeight:17   View Num:0    shard num:0 平均每个block处理的交易数:128 平均每秒交易处理量 (平均 TPS):392   当前区块处理的交易数:128 当前每秒交易处理量 (当前 TPS):27796 累计已提交的交易总数:2048
[PERFORM-INFO]2025/09/24 15:26:36.612950 replicaV2.go:587: 平均整体交易最终确定延迟:0.125 当前整体交易最终确定延迟:0.036 平均单一分片交易最终确定延迟:0.124 当前单一分片交易最终确定延迟:0.037 平均跨分片交易最终确定延迟:0.128 当前跨分片交易最终确定延迟:0.035
[PERFORM-INFO]2025/09/24 15:26:37.002494 replicaV2.go:586: block.BlockHeight:18   View Num:0    shard num:0 平均每个block处理的交易数:128 平均每秒交易处理量 (平均 TPS):388   当前区块处理的交易数:128 当前每秒交易处理量 (当前 TPS):45716 累计已提交的交易总数:2176
[PERFORM-INFO]2025/09/24 15:26:37.002508 replicaV2.go:587: 平均整体交易最终确定延迟:0.155 当前整体交易最终确定延迟:0.022 平均单一分片交易最终确定延迟:0.154 当前单一分片交易最终确定延迟:0.023 平均跨分片交易最终确定延迟:0.158 当前跨分片交易最终确定延迟:0.021
[PERFORM-INFO]2025/09/24 15:26:37.398420 replicaV2.go:586: block.BlockHeight:19   View Num:0    shard num:0 平均每个block处理的交易数:128 平均每秒交易处理量 (平均 TPS):384   当前区块处理的交易数:128 当前每秒交易处理量 (当前 TPS):17003 累计已提交的交易总数:2304
[PERFORM-INFO]2025/09/24 15:26:37.398688 replicaV2.go:587: 平均整体交易最终确定延迟:0.13  当前整体交易最终确定延迟:0.042 平均单一分片交易最终确定延迟:0.131 当前单一分片交易最终确定延迟:0.039 平均跨分片交易最终确定延迟:0.127 当前跨分片交易最终确定延迟:0.045
[PERFORM-INFO]2025/09/24 15:26:37.819536 replicaV2.go:586: block.BlockHeight:20   View Num:0    shard num:0 平均每个block处理的交易数:128 平均每秒交易处理量 (平均 TPS):379   当前区块处理的交易数:128 当前每秒交易处理量 (当前 TPS):23114 累计已提交的交易总数:2432
[PERFORM-INFO]2025/09/24 15:26:37.819547 replicaV2.go:587: 平均整体交易最终确定延迟:0.127 当前整体交易最终确定延迟:0.022 平均单一分片交易最终确定延迟:0.127 当前单一分片交易最终确定延迟:0.023 平均跨分片交易最终确定延迟:0.127 当前跨分片交易最终确定延迟:0.022
[PERFORM-INFO]2025/09/24 15:26:38.233360 replicaV2.go:586: block.BlockHeight:21   View Num:0    shard num:0 平均每个block处理的交易数:128 平均每秒交易处理量 (平均 TPS):375   当前区块处理的交易数:128 当前每秒交易处理量 (当前 TPS):35371 累计已提交的交易总数:2560
[PERFORM-INFO]2025/09/24 15:26:38.233367 replicaV2.go:587: 平均整体交易最终确定延迟:0.159 当前整体交易最终确定延迟:0.021 平均单一分片交易最终确定延迟:0.158 当前单一分片交易最终确定延迟:0.022 平均跨分片交易最终确定延迟:0.16  当前跨分片交易最终确定延迟:0.02 
[PERFORM-INFO]2025/09/24 15:26:39.046951 replicaV2.go:586: block.BlockHeight:22   View Num:0    shard num:0 平均每个block处理的交易数:128 平均每秒交易处理量 (平均 TPS):352   当前区块处理的交易数:128 当前每秒交易处理量 (当前 TPS):43279 累计已提交的交易总数:2688
[PERFORM-INFO]2025/09/24 15:26:39.046957 replicaV2.go:587: 平均整体交易最终确定延迟:0.223 当前整体交易最终确定延迟:0.029 平均单一分片交易最终确定延迟:0.224 当前单一分片交易最终确定延迟:0.029 平均跨分片交易最终确定延迟:0.222 当前跨分片交易最终确定延迟:0.028
[PERFORM-INFO]2025/09/24 15:26:39.465605 replicaV2.go:586: block.BlockHeight:23   View Num:0    shard num:0 平均每个block处理的交易数:128 平均每秒交易处理量 (平均 TPS):349   当前区块处理的交易数:128 当前每秒交易处理量 (当前 TPS):23503 累计已提交的交易总数:2816
[PERFORM-INFO]2025/09/24 15:26:39.465612 replicaV2.go:587: 平均整体交易最终确定延迟:0.131 当前整体交易最终确定延迟:0.02  平均单一分片交易最终确定延迟:0.132 当前单一分片交易最终确定延迟:0.02  平均跨分片交易最终确定延迟:0.129 当前跨分片交易最终确定延迟:0.02 
[PERFORM-INFO]2025/09/24 15:26:39.904678 replicaV2.go:586: block.BlockHeight:24   View Num:0    shard num:0 平均每个block处理的交易数:128 平均每秒交易处理量 (平均 TPS):346   当前区块处理的交易数:128 当前每秒交易处理量 (当前 TPS):25053 累计已提交的交易总数:2944
[PERFORM-INFO]2025/09/24 15:26:39.904685 replicaV2.go:587: 平均整体交易最终确定延迟:0.17  当前整体交易最终确定延迟:0.023 平均单一分片交易最终确定延迟:0.171 当前单一分片交易最终确定延迟:0.023 平均跨分片交易最终确定延迟:0.17  当前跨分片交易最终确定延迟:0.023
[PERFORM-INFO]2025/09/24 15:26:40.261999 replicaV2.go:586: block.BlockHeight:25   View Num:0    shard num:0 平均每个block处理的交易数:128 平均每秒交易处理量 (平均 TPS):347   当前区块处理的交易数:128 当前每秒交易处理量 (当前 TPS):23163 累计已提交的交易总数:3072
[PERFORM-INFO]2025/09/24 15:26:40.262005 replicaV2.go:587: 平均整体交易最终确定延迟:0.124 当前整体交易最终确定延迟:0.022 平均单一分片交易最终确定延迟:0.125 当前单一分片交易最终确定延迟:0.022 平均跨分片交易最终确定延迟:0.122 当前跨分片交易最终确定延迟:0.022
[PERFORM-INFO]2025/09/24 15:26:40.673684 replicaV2.go:586: block.BlockHeight:26   View Num:0    shard num:0 平均每个block处理的交易数:128 平均每秒交易处理量 (平均 TPS):345   当前区块处理的交易数:128 当前每秒交易处理量 (当前 TPS):10877 累计已提交的交易总数:3200
[PERFORM-INFO]2025/09/24 15:26:40.673697 replicaV2.go:587: 平均整体交易最终确定延迟:0.129 当前整体交易最终确定延迟:0.045 平均单一分片交易最终确定延迟:0.127 当前单一分片交易最终确定延迟:0.044 平均跨分片交易最终确定延迟:0.132 当前跨分片交易最终确定延迟:0.045
[PERFORM-INFO]2025/09/24 15:26:41.526444 replicaV2.go:586: block.BlockHeight:27   View Num:0    shard num:0 平均每个block处理的交易数:128 平均每秒交易处理量 (平均 TPS):328   当前区块处理的交易数:128 当前每秒交易处理量 (当前 TPS):22021 累计已提交的交易总数:3328
[PERFORM-INFO]2025/09/24 15:26:41.526462 replicaV2.go:587: 平均整体交易最终确定延迟:0.162 当前整体交易最终确定延迟:0.024 平均单一分片交易最终确定延迟:0.164 当前单一分片交易最终确定延迟:0.024 平均跨分片交易最终确定延迟:0.159 当前跨分片交易最终确定延迟:0.025
[PERFORM-INFO]2025/09/24 15:26:42.211765 replicaV2.go:586: block.BlockHeight:28   View Num:0    shard num:0 平均每个block处理的交易数:128 平均每秒交易处理量 (平均 TPS):320   当前区块处理的交易数:128 当前每秒交易处理量 (当前 TPS):15652 累计已提交的交易总数:3456
[PERFORM-INFO]2025/09/24 15:26:42.211782 replicaV2.go:587: 平均整体交易最终确定延迟:0.159 当前整体交易最终确定延迟:0.059 平均单一分片交易最终确定延迟:0.16  当前单一分片交易最终确定延迟:0.059 平均跨分片交易最终确定延迟:0.155 当前跨分片交易最终确定延迟:0.058
[PERFORM-INFO]2025/09/24 15:26:42.703921 replicaV2.go:586: block.BlockHeight:29   View Num:0    shard num:0 平均每个block处理的交易数:128 平均每秒交易处理量 (平均 TPS):317   当前区块处理的交易数:128 当前每秒交易处理量 (当前 TPS):19907 累计已提交的交易总数:3584
[PERFORM-INFO]2025/09/24 15:26:42.704014 replicaV2.go:587: 平均整体交易最终确定延迟:0.159 当前整体交易最终确定延迟:0.03  平均单一分片交易最终确定延迟:0.16  当前单一分片交易最终确定延迟:0.03  平均跨分片交易最终确定延迟:0.157 当前跨分片交易最终确定延迟:0.031
[PERFORM-INFO]2025/09/24 15:26:43.136428 replicaV2.go:586: block.BlockHeight:30   View Num:0    shard num:0 平均每个block处理的交易数:128 平均每秒交易处理量 (平均 TPS):316   当前区块处理的交易数:128 当前每秒交易处理量 (当前 TPS):15402 累计已提交的交易总数:3712
[PERFORM-INFO]2025/09/24 15:26:43.136441 replicaV2.go:587: 平均整体交易最终确定延迟:0.155 当前整体交易最终确定延迟:0.042 平均单一分片交易最终确定延迟:0.155 当前单一分片交易最终确定延迟:0.042 平均跨分片交易最终确定延迟:0.155 当前跨分片交易最终确定延迟:0.043
[PERFORM-INFO]2025/09/24 15:26:43.499804 replicaV2.go:586: block.BlockHeight:31   View Num:0    shard num:0 平均每个block处理的交易数:128 平均每秒交易处理量 (平均 TPS):317   当前区块处理的交易数:128 当前每秒交易处理量 (当前 TPS):43847 累计已提交的交易总数:3840
[PERFORM-INFO]2025/09/24 15:26:43.499811 replicaV2.go:587: 平均整体交易最终确定延迟:0.166 当前整体交易最终确定延迟:0.017 平均单一分片交易最终确定延迟:0.166 当前单一分片交易最终确定延迟:0.017 平均跨分片交易最终确定延迟:0.166 当前跨分片交易最终确定延迟:0.017
[PERFORM-INFO]2025/09/24 15:26:43.904070 replicaV2.go:586: block.BlockHeight:32   View Num:0    shard num:0 平均每个block处理的交易数:128 平均每秒交易处理量 (平均 TPS):317   当前区块处理的交易数:128 当前每秒交易处理量 (当前 TPS):23121 累计已提交的交易总数:3968
[PERFORM-INFO]2025/09/24 15:26:43.904078 replicaV2.go:587: 平均整体交易最终确定延迟:0.177 当前整体交易最终确定延迟:0.02  平均单一分片交易最终确定延迟:0.177 当前单一分片交易最终确定延迟:0.02  平均跨分片交易最终确定延迟:0.178 当前跨分片交易最终确定延迟:0.02 
[PERFORM-INFO]2025/09/24 15:26:44.287842 replicaV2.go:586: block.BlockHeight:33   View Num:0    shard num:0 平均每个block处理的交易数:128 平均每秒交易处理量 (平均 TPS):318   当前区块处理的交易数:128 当前每秒交易处理量 (当前 TPS):21196 累计已提交的交易总数:4096
[PERFORM-INFO]2025/09/24 15:26:44.287882 replicaV2.go:587: 平均整体交易最终确定延迟:0.145 当前整体交易最终确定延迟:0.02  平均单一分片交易最终确定延迟:0.145 当前单一分片交易最终确定延迟:0.02  平均跨分片交易最终确定延迟:0.147 当前跨分片交易最终确定延迟:0.02 
[PERFORM-INFO]2025/09/24 15:26:45.121174 replicaV2.go:586: block.BlockHeight:34   View Num:0    shard num:0 平均每个block处理的交易数:128 平均每秒交易处理量 (平均 TPS):308   当前区块处理的交易数:128 当前每秒交易处理量 (当前 TPS):2671 累计已提交的交易总数:4224
[PERFORM-INFO]2025/09/24 15:26:45.121181 replicaV2.go:587: 平均整体交易最终确定延迟:0.181 当前整体交易最终确定延迟:0.359 平均单一分片交易最终确定延迟:0.182 当前单一分片交易最终确定延迟:0.35  平均跨分片交易最终确定延迟:0.177 当前跨分片交易最终确定延迟:0.384
[PERFORM-INFO]2025/09/24 15:26:46.324901 replicaV2.go:586: block.BlockHeight:35   View Num:0    shard num:0 平均每个block处理的交易数:128 平均每秒交易处理量 (平均 TPS):292   当前区块处理的交易数:128 当前每秒交易处理量 (当前 TPS):15467 累计已提交的交易总数:4352
[PERFORM-INFO]2025/09/24 15:26:46.324908 replicaV2.go:587: 平均整体交易最终确定延迟:0.151 当前整体交易最终确定延迟:0.028 平均单一分片交易最终确定延迟:0.15  当前单一分片交易最终确定延迟:0.028 平均跨分片交易最终确定延迟:0.153 当前跨分片交易最终确定延迟:0.027
[PERFORM-INFO]2025/09/24 15:26:46.812084 replicaV2.go:586: block.BlockHeight:36   View Num:0    shard num:0 平均每个block处理的交易数:128 平均每秒交易处理量 (平均 TPS):291   当前区块处理的交易数:128 当前每秒交易处理量 (当前 TPS):6202 累计已提交的交易总数:4480
[PERFORM-INFO]2025/09/24 15:26:46.812095 replicaV2.go:587: 平均整体交易最终确定延迟:0.144 当前整体交易最终确定延迟:0.039 平均单一分片交易最终确定延迟:0.145 当前单一分片交易最终确定延迟:0.039 平均跨分片交易最终确定延迟:0.142 当前跨分片交易最终确定延迟:0.039
[PERFORM-INFO]2025/09/24 15:26:47.263608 replicaV2.go:586: block.BlockHeight:37   View Num:0    shard num:0 平均每个block处理的交易数:128 平均每秒交易处理量 (平均 TPS):290   当前区块处理的交易数:128 当前每秒交易处理量 (当前 TPS):7282 累计已提交的交易总数:4608
[PERFORM-INFO]2025/09/24 15:26:47.263623 replicaV2.go:587: 平均整体交易最终确定延迟:0.176 当前整体交易最终确定延迟:0.042 平均单一分片交易最终确定延迟:0.175 当前单一分片交易最终确定延迟:0.042 平均跨分片交易最终确定延迟:0.176 当前跨分片交易最终确定延迟:0.042
[PERFORM-INFO]2025/09/24 15:26:47.750213 replicaV2.go:586: block.BlockHeight:38   View Num:0    shard num:0 平均每个block处理的交易数:128 平均每秒交易处理量 (平均 TPS):289   当前区块处理的交易数:128 当前每秒交易处理量 (当前 TPS):13048 累计已提交的交易总数:4736
[PERFORM-INFO]2025/09/24 15:26:47.750220 replicaV2.go:587: 平均整体交易最终确定延迟:0.172 当前整体交易最终确定延迟:0.032 平均单一分片交易最终确定延迟:0.173 当前单一分片交易最终确定延迟:0.032 平均跨分片交易最终确定延迟:0.169 当前跨分片交易最终确定延迟:0.032
[PERFORM-INFO]2025/09/24 15:26:48.193932 replicaV2.go:586: block.BlockHeight:39   View Num:0    shard num:0 平均每个block处理的交易数:128 平均每秒交易处理量 (平均 TPS):289   当前区块处理的交易数:128 当前每秒交易处理量 (当前 TPS):19302 累计已提交的交易总数:4864
[PERFORM-INFO]2025/09/24 15:26:48.194196 replicaV2.go:587: 平均整体交易最终确定延迟:0.144 当前整体交易最终确定延迟:0.029 平均单一分片交易最终确定延迟:0.144 当前单一分片交易最终确定延迟:0.029 平均跨分片交易最终确定延迟:0.143 当前跨分片交易最终确定延迟:0.029
[PERFORM-INFO]2025/09/24 15:26:48.690208 replicaV2.go:586: block.BlockHeight:40   View Num:0    shard num:0 平均每个block处理的交易数:128 平均每秒交易处理量 (平均 TPS):289   当前区块处理的交易数:128 当前每秒交易处理量 (当前 TPS):11689 累计已提交的交易总数:4992
[PERFORM-INFO]2025/09/24 15:26:48.690217 replicaV2.go:587: 平均整体交易最终确定延迟:0.205 当前整体交易最终确定延迟:0.033 平均单一分片交易最终确定延迟:0.206 当前单一分片交易最终确定延迟:0.033 平均跨分片交易最终确定延迟:0.201 当前跨分片交易最终确定延迟:0.033
[PERFORM-INFO]2025/09/24 15:26:49.123722 replicaV2.go:586: block.BlockHeight:41   View Num:0    shard num:0 平均每个block处理的交易数:128 平均每秒交易处理量 (平均 TPS):289   当前区块处理的交易数:128 当前每秒交易处理量 (当前 TPS):18091 累计已提交的交易总数:5120
[PERFORM-INFO]2025/09/24 15:26:49.123728 replicaV2.go:587: 平均整体交易最终确定延迟:0.138 当前整体交易最终确定延迟:0.029 平均单一分片交易最终确定延迟:0.138 当前单一分片交易最终确定延迟:0.029 平均跨分片交易最终确定延迟:0.14  当前跨分片交易最终确定延迟:0.03 
